
  
  これはてすと用の例文です。
            
これはてすと用の例文です。
            

